Copyright 1986-2018 Xilinx, Inc. All Rights Reserved.
----------------------------------------------------------------------------------------------------------------------------------------------
| Tool Version     : Vivado v.2018.3 (win64) Build 2405991 Thu Dec  6 23:38:27 MST 2018
| Date             : Mon Mar 11 11:24:46 2024
| Host             : DESKTOP-WORK-MY running 64-bit major release  (build 9200)
| Command          : report_power -file test_top_power_routed.rpt -pb test_top_power_summary_routed.pb -rpx test_top_power_routed.rpx
| Design           : test_top
| Device           : xczu15eg-ffvb1156-2-i
| Design State     : routed
| Grade            : industrial
| Process          : typical
| Characterization : Production
----------------------------------------------------------------------------------------------------------------------------------------------

Power Report

Table of Contents
-----------------
1. Summary
1.1 On-Chip Components
1.2 Power Supply Summary
1.3 Confidence Level
2. Settings
2.1 Environment
2.2 Clock Constraints
3. Detailed Reports
3.1 By Hierarchy

1. Summary
----------

+--------------------------+--------------+
| Total On-Chip Power (W)  | 2.362        |
| Design Power Budget (W)  | Unspecified* |
| Power Budget Margin (W)  | NA           |
| Dynamic (W)              | 1.592        |
| Device Static (W)        | 0.770        |
| Effective TJA (C/W)      | 1.0          |
| Max Ambient (C)          | 97.7         |
| Junction Temperature (C) | 27.3         |
| Confidence Level         | Medium       |
| Setting File             | ---          |
| Simulation Activity File | ---          |
| Design Nets Matched      | NA           |
+--------------------------+--------------+
* Specify Design Power Budget using, set_operating_conditions -design_power_budget <value in Watts>


1.1 On-Chip Components
----------------------

+--------------------------+-----------+----------+-----------+-----------------+
| On-Chip                  | Power (W) | Used     | Available | Utilization (%) |
+--------------------------+-----------+----------+-----------+-----------------+
| Clocks                   |     0.075 |       58 |       --- |             --- |
| CLB Logic                |     0.018 |    25522 |       --- |             --- |
|   LUT as Logic           |     0.008 |     7878 |    341280 |            2.31 |
|   LUT as Shift Register  |     0.006 |      599 |    184320 |            0.32 |
|   Register               |     0.002 |    12598 |    682560 |            1.85 |
|   LUT as Distributed RAM |    <0.001 |      352 |    184320 |            0.19 |
|   CARRY8                 |    <0.001 |      373 |     42660 |            0.87 |
|   Others                 |     0.000 |     1276 |       --- |             --- |
|   F7/F8 Muxes            |     0.000 |      107 |    341280 |            0.03 |
| Signals                  |     0.019 |    21533 |       --- |             --- |
| Block RAM                |     0.061 |     66.5 |       744 |            8.94 |
| MMCM                     |     0.158 |        0 |       --- |             --- |
| DSPs                     |     0.008 |       24 |      3528 |            0.68 |
| I/O                      |     0.026 |       21 |       328 |            6.40 |
| GTH                      |     1.228 |        8 |        24 |           33.33 |
| Static Power             |     0.770 |          |           |                 |
| Total                    |     2.362 |          |           |                 |
+--------------------------+-----------+----------+-----------+-----------------+


1.2 Power Supply Summary
------------------------

+-----------------+-------------+-----------+-------------+------------+
| Source          | Voltage (V) | Total (A) | Dynamic (A) | Static (A) |
+-----------------+-------------+-----------+-------------+------------+
| Vccint          |       0.850 |     0.872 |       0.641 |      0.231 |
| Vccint_io       |       0.850 |     0.037 |       0.002 |      0.036 |
| Vccbram         |       0.850 |     0.013 |       0.009 |      0.003 |
| Vccaux          |       1.800 |     0.312 |       0.087 |      0.225 |
| Vccaux_io       |       1.800 |     0.039 |       0.007 |      0.033 |
| Vcco33          |       3.300 |     0.009 |       0.000 |      0.009 |
| Vcco25          |       2.500 |     0.000 |       0.000 |      0.000 |
| Vcco18          |       1.800 |     0.007 |       0.007 |      0.000 |
| Vcco15          |       1.500 |     0.000 |       0.000 |      0.000 |
| Vcco135         |       1.350 |     0.000 |       0.000 |      0.000 |
| Vcco12          |       1.200 |     0.000 |       0.000 |      0.000 |
| Vcco10          |       1.000 |     0.000 |       0.000 |      0.000 |
| Vccadc          |       1.800 |     0.008 |       0.000 |      0.008 |
| VCC_PSINTFP     |       0.850 |     0.000 |       0.000 |      0.000 |
| VCC_PSINTLP     |       0.850 |     0.005 |       0.000 |      0.005 |
| VPS_MGTRAVCC    |       0.850 |     0.000 |       0.000 |      0.000 |
| VCC_PSINTFP_DDR |       0.850 |     0.000 |       0.000 |      0.000 |
| VCC_PSPLL       |       1.200 |     0.002 |       0.000 |      0.002 |
| VPS_MGTRAVTT    |       1.800 |     0.000 |       0.000 |      0.000 |
| VCCO_PSDDR_504  |       1.200 |     0.000 |       0.000 |      0.000 |
| VCC_PSAUX       |       1.800 |     0.002 |       0.000 |      0.002 |
| VCC_PSBATT      |       1.200 |     0.000 |       0.000 |      0.000 |
| VCC_PSDDR_PLL   |       1.800 |     0.000 |       0.000 |      0.000 |
| VCCO_PSIO0_500  |       3.300 |     0.000 |       0.000 |      0.000 |
| VCCO_PSIO1_501  |       3.300 |     0.000 |       0.000 |      0.000 |
| VCCO_PSIO2_502  |       3.300 |     0.000 |       0.000 |      0.000 |
| VCCO_PSIO3_503  |       3.300 |     0.000 |       0.000 |      0.000 |
| VCC_PSADC       |       1.800 |     0.002 |       0.000 |      0.002 |
| MGTAVcc         |       0.900 |     0.315 |       0.309 |      0.006 |
| MGTAVtt         |       1.200 |     0.459 |       0.445 |      0.014 |
| MGTVccaux       |       1.800 |     0.024 |       0.024 |      0.000 |
+-----------------+-------------+-----------+-------------+------------+


1.3 Confidence Level
--------------------

+-----------------------------+------------+-------------------------------------------------------+------------------------------------------------------------------------------------------------------------+
| User Input Data             | Confidence | Details                                               | Action                                                                                                     |
+-----------------------------+------------+-------------------------------------------------------+------------------------------------------------------------------------------------------------------------+
| Design implementation state | High       | Design is routed                                      |                                                                                                            |
| Clock nodes activity        | High       | User specified more than 95% of clocks                |                                                                                                            |
| I/O nodes activity          | Medium     | More than 5% of inputs are missing user specification | Provide missing input activity with simulation results or by editing the "By Resource Type -> I/Os" view   |
| Internal nodes activity     | Medium     | User specified less than 25% of internal nodes        | Provide missing internal nodes activity with simulation results or by editing the "By Resource Type" views |
| Device models               | High       | Device models are Production                          |                                                                                                            |
|                             |            |                                                       |                                                                                                            |
| Overall confidence level    | Medium     |                                                       |                                                                                                            |
+-----------------------------+------------+-------------------------------------------------------+------------------------------------------------------------------------------------------------------------+


2. Settings
-----------

2.1 Environment
---------------

+-----------------------+--------------------------+
| Ambient Temp (C)      | 25.0                     |
| ThetaJA (C/W)         | 1.0                      |
| Airflow (LFM)         | 250                      |
| Heat Sink             | medium (Medium Profile)  |
| ThetaSA (C/W)         | 1.5                      |
| Board Selection       | medium (10"x10")         |
| # of Board Layers     | 12to15 (12 to 15 Layers) |
| Board Temperature (C) | 25.0                     |
+-----------------------+--------------------------+


2.2 Clock Constraints
---------------------

+------------------------------------------------------------------------------------------------------------------------------------------------------------------------------------------------------------------------------------------------------------------------------------------------------------------------------------------------------------------+---------------------------------------------------------------------------------------------------------------------------------------------------------------------------------------------------------------------------------------------------------------------------------------------------------------------------------------------------+-----------------+
| Clock                                                                                                                                                                                                                                                                                                                                                            | Domain                                                                                                                                                                                                                                                                                                                                            | Constraint (ns) |
+------------------------------------------------------------------------------------------------------------------------------------------------------------------------------------------------------------------------------------------------------------------------------------------------------------------------------------------------------------------+---------------------------------------------------------------------------------------------------------------------------------------------------------------------------------------------------------------------------------------------------------------------------------------------------------------------------------------------------+-----------------+
| ADsysref_p                                                                                                                                                                                                                                                                                                                                                       | ADsysref_p                                                                                                                                                                                                                                                                                                                                        |           160.0 |
| GTHE4_CHANNEL_RXOUTCLKPCS[0]                                                                                                                                                                                                                                                                                                                                     | fmc121_top_adc/jesd204_phy_INST/inst/jesd204_phy_block_i/jesd204_phy_0_gt_i/inst/gen_gtwizard_gthe4_top.jesd204_phy_0_gt_gtwizard_gthe4_inst/gen_gtwizard_gthe4.gen_channel_container[1].gen_enabled_channel.gthe4_channel_wrapper_inst/channel_inst/GTHE4_CHANNEL_RXOUTCLKPCS[0]                                                                 |             8.0 |
| GTHE4_CHANNEL_RXOUTCLKPCS[0]_1                                                                                                                                                                                                                                                                                                                                   | fmc121_top_adc/jesd204_phy_INST/inst/jesd204_phy_block_i/jesd204_phy_0_gt_i/inst/gen_gtwizard_gthe4_top.jesd204_phy_0_gt_gtwizard_gthe4_inst/gen_gtwizard_gthe4.gen_channel_container[2].gen_enabled_channel.gthe4_channel_wrapper_inst/channel_inst/GTHE4_CHANNEL_RXOUTCLKPCS[0]                                                                 |             8.0 |
| GTHE4_CHANNEL_RXOUTCLKPCS[1]                                                                                                                                                                                                                                                                                                                                     | fmc121_top_adc/jesd204_phy_INST/inst/jesd204_phy_block_i/jesd204_phy_0_gt_i/inst/gen_gtwizard_gthe4_top.jesd204_phy_0_gt_gtwizard_gthe4_inst/gen_gtwizard_gthe4.gen_channel_container[1].gen_enabled_channel.gthe4_channel_wrapper_inst/channel_inst/GTHE4_CHANNEL_RXOUTCLKPCS[1]                                                                 |             8.0 |
| GTHE4_CHANNEL_RXOUTCLKPCS[1]_1                                                                                                                                                                                                                                                                                                                                   | fmc121_top_adc/jesd204_phy_INST/inst/jesd204_phy_block_i/jesd204_phy_0_gt_i/inst/gen_gtwizard_gthe4_top.jesd204_phy_0_gt_gtwizard_gthe4_inst/gen_gtwizard_gthe4.gen_channel_container[2].gen_enabled_channel.gthe4_channel_wrapper_inst/channel_inst/GTHE4_CHANNEL_RXOUTCLKPCS[1]                                                                 |             8.0 |
| GTHE4_CHANNEL_RXOUTCLKPCS[2]                                                                                                                                                                                                                                                                                                                                     | fmc121_top_adc/jesd204_phy_INST/inst/jesd204_phy_block_i/jesd204_phy_0_gt_i/inst/gen_gtwizard_gthe4_top.jesd204_phy_0_gt_gtwizard_gthe4_inst/gen_gtwizard_gthe4.gen_channel_container[1].gen_enabled_channel.gthe4_channel_wrapper_inst/channel_inst/GTHE4_CHANNEL_RXOUTCLKPCS[2]                                                                 |             8.0 |
| GTHE4_CHANNEL_RXOUTCLKPCS[2]_1                                                                                                                                                                                                                                                                                                                                   | fmc121_top_adc/jesd204_phy_INST/inst/jesd204_phy_block_i/jesd204_phy_0_gt_i/inst/gen_gtwizard_gthe4_top.jesd204_phy_0_gt_gtwizard_gthe4_inst/gen_gtwizard_gthe4.gen_channel_container[2].gen_enabled_channel.gthe4_channel_wrapper_inst/channel_inst/GTHE4_CHANNEL_RXOUTCLKPCS[2]                                                                 |             8.0 |
| GTHE4_CHANNEL_RXOUTCLKPCS[3]                                                                                                                                                                                                                                                                                                                                     | fmc121_top_adc/jesd204_phy_INST/inst/jesd204_phy_block_i/jesd204_phy_0_gt_i/inst/gen_gtwizard_gthe4_top.jesd204_phy_0_gt_gtwizard_gthe4_inst/gen_gtwizard_gthe4.gen_channel_container[1].gen_enabled_channel.gthe4_channel_wrapper_inst/channel_inst/GTHE4_CHANNEL_RXOUTCLKPCS[3]                                                                 |             8.0 |
| GTHE4_CHANNEL_RXOUTCLKPCS[3]_1                                                                                                                                                                                                                                                                                                                                   | fmc121_top_adc/jesd204_phy_INST/inst/jesd204_phy_block_i/jesd204_phy_0_gt_i/inst/gen_gtwizard_gthe4_top.jesd204_phy_0_gt_gtwizard_gthe4_inst/gen_gtwizard_gthe4.gen_channel_container[2].gen_enabled_channel.gthe4_channel_wrapper_inst/channel_inst/GTHE4_CHANNEL_RXOUTCLKPCS[3]                                                                 |             8.0 |
| PL_CLK0_P                                                                                                                                                                                                                                                                                                                                                        | IBUFDS_inst/O                                                                                                                                                                                                                                                                                                                                     |             5.0 |
| PL_CLK0_P                                                                                                                                                                                                                                                                                                                                                        | PL_CLK0_P                                                                                                                                                                                                                                                                                                                                         |             5.0 |
| clk_out1_GLB_dcm                                                                                                                                                                                                                                                                                                                                                 | fmc121_top_adc/jesd204_ad_clk/DCMINST/inst/clk_out1_GLB_dcm                                                                                                                                                                                                                                                                                       |             4.0 |
| clk_out1_sysclk                                                                                                                                                                                                                                                                                                                                                  | sysclk_inst/inst/clk_out1_sysclk                                                                                                                                                                                                                                                                                                                  |           100.0 |
| clk_out2_sysclk                                                                                                                                                                                                                                                                                                                                                  | sysclk_inst/inst/clk_out2_sysclk                                                                                                                                                                                                                                                                                                                  |            10.0 |
| clk_out3_sysclk                                                                                                                                                                                                                                                                                                                                                  | sysclk_inst/inst/clk_out3_sysclk                                                                                                                                                                                                                                                                                                                  |            20.0 |
| clk_out4_sysclk                                                                                                                                                                                                                                                                                                                                                  | sysclk_inst/inst/clk_out4_sysclk                                                                                                                                                                                                                                                                                                                  |             8.0 |
| common0_qpll0_clk_out                                                                                                                                                                                                                                                                                                                                            | fmc121_top_adc/jesd204_phy_INST/inst/jesd204_phy_gt_common_0_i/jesd204_phy_0_gt_common_i/common_inst/common0_qpll0_clk_out                                                                                                                                                                                                                        |             0.4 |
| common0_qpll0_refclk_out                                                                                                                                                                                                                                                                                                                                         | fmc121_top_adc/jesd204_phy_INST/inst/jesd204_phy_gt_common_0_i/jesd204_phy_0_gt_common_i/common_inst/common0_qpll0_refclk_out                                                                                                                                                                                                                     |             8.0 |
| common1_qpll0_clk_out                                                                                                                                                                                                                                                                                                                                            | fmc121_top_adc/jesd204_phy_INST/inst/jesd204_phy_gt_common_1_i/jesd204_phy_0_gt_common_i/common_inst/common1_qpll0_clk_out                                                                                                                                                                                                                        |             0.4 |
| common1_qpll0_refclk_out                                                                                                                                                                                                                                                                                                                                         | fmc121_top_adc/jesd204_phy_INST/inst/jesd204_phy_gt_common_1_i/jesd204_phy_0_gt_common_i/common_inst/common1_qpll0_refclk_out                                                                                                                                                                                                                     |             8.0 |
| dbg_hub/inst/BSCANID.u_xsdbm_id/SWITCH_N_EXT_BSCAN.bscan_inst/SERIES7_BSCAN.bscan_inst/INTERNAL_TCK                                                                                                                                                                                                                                                              | dbg_hub/inst/BSCANID.u_xsdbm_id/SWITCH_N_EXT_BSCAN.bscan_inst/in0                                                                                                                                                                                                                                                                                 |            50.0 |
| fmc121_top_adc/jesd204_phy_INST/inst/jesd204_phy_block_i/jesd204_phy_0_gt_i/inst/gen_gtwizard_gthe4_top.jesd204_phy_0_gt_gtwizard_gthe4_inst/gen_gtwizard_gthe4.gen_cpll_cal_gthe4.gen_cpll_cal_inst[0].gen_inst_cpll_cal.gtwizard_ultrascale_v1_7_5_gthe4_cpll_cal_inst/gtwizard_ultrascale_v1_7_5_gthe4_cpll_cal_rx_i/gen_cal_rx_en.bufg_gt_rxoutclkmon_inst/O | fmc121_top_adc/jesd204_phy_INST/inst/jesd204_phy_block_i/jesd204_phy_0_gt_i/inst/gen_gtwizard_gthe4_top.jesd204_phy_0_gt_gtwizard_gthe4_inst/gen_gtwizard_gthe4.gen_cpll_cal_gthe4.gen_cpll_cal_inst[0].gen_inst_cpll_cal.gtwizard_ultrascale_v1_7_5_gthe4_cpll_cal_inst/gtwizard_ultrascale_v1_7_5_gthe4_cpll_cal_rx_i/gen_cal_rx_en.rxoutclkmon |             8.0 |
| fmc121_top_adc/jesd204_phy_INST/inst/jesd204_phy_block_i/jesd204_phy_0_gt_i/inst/gen_gtwizard_gthe4_top.jesd204_phy_0_gt_gtwizard_gthe4_inst/gen_gtwizard_gthe4.gen_cpll_cal_gthe4.gen_cpll_cal_inst[0].gen_inst_cpll_cal.gtwizard_ultrascale_v1_7_5_gthe4_cpll_cal_inst/gtwizard_ultrascale_v1_7_5_gthe4_cpll_cal_tx_i/bufg_gt_txoutclkmon_inst/O               | fmc121_top_adc/jesd204_phy_INST/inst/jesd204_phy_block_i/jesd204_phy_0_gt_i/inst/gen_gtwizard_gthe4_top.jesd204_phy_0_gt_gtwizard_gthe4_inst/gen_gtwizard_gthe4.gen_cpll_cal_gthe4.gen_cpll_cal_inst[0].gen_inst_cpll_cal.gtwizard_ultrascale_v1_7_5_gthe4_cpll_cal_inst/gtwizard_ultrascale_v1_7_5_gthe4_cpll_cal_tx_i/txoutclkmon               |             8.0 |
| fmc121_top_adc/jesd204_phy_INST/inst/jesd204_phy_block_i/jesd204_phy_0_gt_i/inst/gen_gtwizard_gthe4_top.jesd204_phy_0_gt_gtwizard_gthe4_inst/gen_gtwizard_gthe4.gen_cpll_cal_gthe4.gen_cpll_cal_inst[1].gen_inst_cpll_cal.gtwizard_ultrascale_v1_7_5_gthe4_cpll_cal_inst/gtwizard_ultrascale_v1_7_5_gthe4_cpll_cal_rx_i/gen_cal_rx_en.bufg_gt_rxoutclkmon_inst/O | fmc121_top_adc/jesd204_phy_INST/inst/jesd204_phy_block_i/jesd204_phy_0_gt_i/inst/gen_gtwizard_gthe4_top.jesd204_phy_0_gt_gtwizard_gthe4_inst/gen_gtwizard_gthe4.gen_cpll_cal_gthe4.gen_cpll_cal_inst[1].gen_inst_cpll_cal.gtwizard_ultrascale_v1_7_5_gthe4_cpll_cal_inst/gtwizard_ultrascale_v1_7_5_gthe4_cpll_cal_rx_i/gen_cal_rx_en.rxoutclkmon |             8.0 |
| fmc121_top_adc/jesd204_phy_INST/inst/jesd204_phy_block_i/jesd204_phy_0_gt_i/inst/gen_gtwizard_gthe4_top.jesd204_phy_0_gt_gtwizard_gthe4_inst/gen_gtwizard_gthe4.gen_cpll_cal_gthe4.gen_cpll_cal_inst[1].gen_inst_cpll_cal.gtwizard_ultrascale_v1_7_5_gthe4_cpll_cal_inst/gtwizard_ultrascale_v1_7_5_gthe4_cpll_cal_tx_i/bufg_gt_txoutclkmon_inst/O               | fmc121_top_adc/jesd204_phy_INST/inst/jesd204_phy_block_i/jesd204_phy_0_gt_i/inst/gen_gtwizard_gthe4_top.jesd204_phy_0_gt_gtwizard_gthe4_inst/gen_gtwizard_gthe4.gen_cpll_cal_gthe4.gen_cpll_cal_inst[1].gen_inst_cpll_cal.gtwizard_ultrascale_v1_7_5_gthe4_cpll_cal_inst/gtwizard_ultrascale_v1_7_5_gthe4_cpll_cal_tx_i/txoutclkmon               |             8.0 |
| fmc121_top_adc/jesd204_phy_INST/inst/jesd204_phy_block_i/jesd204_phy_0_gt_i/inst/gen_gtwizard_gthe4_top.jesd204_phy_0_gt_gtwizard_gthe4_inst/gen_gtwizard_gthe4.gen_cpll_cal_gthe4.gen_cpll_cal_inst[2].gen_inst_cpll_cal.gtwizard_ultrascale_v1_7_5_gthe4_cpll_cal_inst/gtwizard_ultrascale_v1_7_5_gthe4_cpll_cal_rx_i/gen_cal_rx_en.bufg_gt_rxoutclkmon_inst/O | fmc121_top_adc/jesd204_phy_INST/inst/jesd204_phy_block_i/jesd204_phy_0_gt_i/inst/gen_gtwizard_gthe4_top.jesd204_phy_0_gt_gtwizard_gthe4_inst/gen_gtwizard_gthe4.gen_cpll_cal_gthe4.gen_cpll_cal_inst[2].gen_inst_cpll_cal.gtwizard_ultrascale_v1_7_5_gthe4_cpll_cal_inst/gtwizard_ultrascale_v1_7_5_gthe4_cpll_cal_rx_i/gen_cal_rx_en.rxoutclkmon |             8.0 |
| fmc121_top_adc/jesd204_phy_INST/inst/jesd204_phy_block_i/jesd204_phy_0_gt_i/inst/gen_gtwizard_gthe4_top.jesd204_phy_0_gt_gtwizard_gthe4_inst/gen_gtwizard_gthe4.gen_cpll_cal_gthe4.gen_cpll_cal_inst[2].gen_inst_cpll_cal.gtwizard_ultrascale_v1_7_5_gthe4_cpll_cal_inst/gtwizard_ultrascale_v1_7_5_gthe4_cpll_cal_tx_i/bufg_gt_txoutclkmon_inst/O               | fmc121_top_adc/jesd204_phy_INST/inst/jesd204_phy_block_i/jesd204_phy_0_gt_i/inst/gen_gtwizard_gthe4_top.jesd204_phy_0_gt_gtwizard_gthe4_inst/gen_gtwizard_gthe4.gen_cpll_cal_gthe4.gen_cpll_cal_inst[2].gen_inst_cpll_cal.gtwizard_ultrascale_v1_7_5_gthe4_cpll_cal_inst/gtwizard_ultrascale_v1_7_5_gthe4_cpll_cal_tx_i/txoutclkmon               |             8.0 |
| fmc121_top_adc/jesd204_phy_INST/inst/jesd204_phy_block_i/jesd204_phy_0_gt_i/inst/gen_gtwizard_gthe4_top.jesd204_phy_0_gt_gtwizard_gthe4_inst/gen_gtwizard_gthe4.gen_cpll_cal_gthe4.gen_cpll_cal_inst[3].gen_inst_cpll_cal.gtwizard_ultrascale_v1_7_5_gthe4_cpll_cal_inst/gtwizard_ultrascale_v1_7_5_gthe4_cpll_cal_rx_i/gen_cal_rx_en.bufg_gt_rxoutclkmon_inst/O | fmc121_top_adc/jesd204_phy_INST/inst/jesd204_phy_block_i/jesd204_phy_0_gt_i/inst/gen_gtwizard_gthe4_top.jesd204_phy_0_gt_gtwizard_gthe4_inst/gen_gtwizard_gthe4.gen_cpll_cal_gthe4.gen_cpll_cal_inst[3].gen_inst_cpll_cal.gtwizard_ultrascale_v1_7_5_gthe4_cpll_cal_inst/gtwizard_ultrascale_v1_7_5_gthe4_cpll_cal_rx_i/gen_cal_rx_en.rxoutclkmon |             8.0 |
| fmc121_top_adc/jesd204_phy_INST/inst/jesd204_phy_block_i/jesd204_phy_0_gt_i/inst/gen_gtwizard_gthe4_top.jesd204_phy_0_gt_gtwizard_gthe4_inst/gen_gtwizard_gthe4.gen_cpll_cal_gthe4.gen_cpll_cal_inst[3].gen_inst_cpll_cal.gtwizard_ultrascale_v1_7_5_gthe4_cpll_cal_inst/gtwizard_ultrascale_v1_7_5_gthe4_cpll_cal_tx_i/bufg_gt_txoutclkmon_inst/O               | fmc121_top_adc/jesd204_phy_INST/inst/jesd204_phy_block_i/jesd204_phy_0_gt_i/inst/gen_gtwizard_gthe4_top.jesd204_phy_0_gt_gtwizard_gthe4_inst/gen_gtwizard_gthe4.gen_cpll_cal_gthe4.gen_cpll_cal_inst[3].gen_inst_cpll_cal.gtwizard_ultrascale_v1_7_5_gthe4_cpll_cal_inst/gtwizard_ultrascale_v1_7_5_gthe4_cpll_cal_tx_i/txoutclkmon               |             8.0 |
| fmc121_top_adc/jesd204_phy_INST/inst/jesd204_phy_block_i/jesd204_phy_0_gt_i/inst/gen_gtwizard_gthe4_top.jesd204_phy_0_gt_gtwizard_gthe4_inst/gen_gtwizard_gthe4.gen_cpll_cal_gthe4.gen_cpll_cal_inst[4].gen_inst_cpll_cal.gtwizard_ultrascale_v1_7_5_gthe4_cpll_cal_inst/gtwizard_ultrascale_v1_7_5_gthe4_cpll_cal_rx_i/gen_cal_rx_en.bufg_gt_rxoutclkmon_inst/O | fmc121_top_adc/jesd204_phy_INST/inst/jesd204_phy_block_i/jesd204_phy_0_gt_i/inst/gen_gtwizard_gthe4_top.jesd204_phy_0_gt_gtwizard_gthe4_inst/gen_gtwizard_gthe4.gen_cpll_cal_gthe4.gen_cpll_cal_inst[4].gen_inst_cpll_cal.gtwizard_ultrascale_v1_7_5_gthe4_cpll_cal_inst/gtwizard_ultrascale_v1_7_5_gthe4_cpll_cal_rx_i/gen_cal_rx_en.rxoutclkmon |             8.0 |
| fmc121_top_adc/jesd204_phy_INST/inst/jesd204_phy_block_i/jesd204_phy_0_gt_i/inst/gen_gtwizard_gthe4_top.jesd204_phy_0_gt_gtwizard_gthe4_inst/gen_gtwizard_gthe4.gen_cpll_cal_gthe4.gen_cpll_cal_inst[4].gen_inst_cpll_cal.gtwizard_ultrascale_v1_7_5_gthe4_cpll_cal_inst/gtwizard_ultrascale_v1_7_5_gthe4_cpll_cal_tx_i/bufg_gt_txoutclkmon_inst/O               | fmc121_top_adc/jesd204_phy_INST/inst/jesd204_phy_block_i/jesd204_phy_0_gt_i/inst/gen_gtwizard_gthe4_top.jesd204_phy_0_gt_gtwizard_gthe4_inst/gen_gtwizard_gthe4.gen_cpll_cal_gthe4.gen_cpll_cal_inst[4].gen_inst_cpll_cal.gtwizard_ultrascale_v1_7_5_gthe4_cpll_cal_inst/gtwizard_ultrascale_v1_7_5_gthe4_cpll_cal_tx_i/txoutclkmon               |             8.0 |
| fmc121_top_adc/jesd204_phy_INST/inst/jesd204_phy_block_i/jesd204_phy_0_gt_i/inst/gen_gtwizard_gthe4_top.jesd204_phy_0_gt_gtwizard_gthe4_inst/gen_gtwizard_gthe4.gen_cpll_cal_gthe4.gen_cpll_cal_inst[5].gen_inst_cpll_cal.gtwizard_ultrascale_v1_7_5_gthe4_cpll_cal_inst/gtwizard_ultrascale_v1_7_5_gthe4_cpll_cal_rx_i/gen_cal_rx_en.bufg_gt_rxoutclkmon_inst/O | fmc121_top_adc/jesd204_phy_INST/inst/jesd204_phy_block_i/jesd204_phy_0_gt_i/inst/gen_gtwizard_gthe4_top.jesd204_phy_0_gt_gtwizard_gthe4_inst/gen_gtwizard_gthe4.gen_cpll_cal_gthe4.gen_cpll_cal_inst[5].gen_inst_cpll_cal.gtwizard_ultrascale_v1_7_5_gthe4_cpll_cal_inst/gtwizard_ultrascale_v1_7_5_gthe4_cpll_cal_rx_i/gen_cal_rx_en.rxoutclkmon |             8.0 |
| fmc121_top_adc/jesd204_phy_INST/inst/jesd204_phy_block_i/jesd204_phy_0_gt_i/inst/gen_gtwizard_gthe4_top.jesd204_phy_0_gt_gtwizard_gthe4_inst/gen_gtwizard_gthe4.gen_cpll_cal_gthe4.gen_cpll_cal_inst[5].gen_inst_cpll_cal.gtwizard_ultrascale_v1_7_5_gthe4_cpll_cal_inst/gtwizard_ultrascale_v1_7_5_gthe4_cpll_cal_tx_i/bufg_gt_txoutclkmon_inst/O               | fmc121_top_adc/jesd204_phy_INST/inst/jesd204_phy_block_i/jesd204_phy_0_gt_i/inst/gen_gtwizard_gthe4_top.jesd204_phy_0_gt_gtwizard_gthe4_inst/gen_gtwizard_gthe4.gen_cpll_cal_gthe4.gen_cpll_cal_inst[5].gen_inst_cpll_cal.gtwizard_ultrascale_v1_7_5_gthe4_cpll_cal_inst/gtwizard_ultrascale_v1_7_5_gthe4_cpll_cal_tx_i/txoutclkmon               |             8.0 |
| fmc121_top_adc/jesd204_phy_INST/inst/jesd204_phy_block_i/jesd204_phy_0_gt_i/inst/gen_gtwizard_gthe4_top.jesd204_phy_0_gt_gtwizard_gthe4_inst/gen_gtwizard_gthe4.gen_cpll_cal_gthe4.gen_cpll_cal_inst[6].gen_inst_cpll_cal.gtwizard_ultrascale_v1_7_5_gthe4_cpll_cal_inst/gtwizard_ultrascale_v1_7_5_gthe4_cpll_cal_rx_i/gen_cal_rx_en.bufg_gt_rxoutclkmon_inst/O | fmc121_top_adc/jesd204_phy_INST/inst/jesd204_phy_block_i/jesd204_phy_0_gt_i/inst/gen_gtwizard_gthe4_top.jesd204_phy_0_gt_gtwizard_gthe4_inst/gen_gtwizard_gthe4.gen_cpll_cal_gthe4.gen_cpll_cal_inst[6].gen_inst_cpll_cal.gtwizard_ultrascale_v1_7_5_gthe4_cpll_cal_inst/gtwizard_ultrascale_v1_7_5_gthe4_cpll_cal_rx_i/gen_cal_rx_en.rxoutclkmon |             8.0 |
| fmc121_top_adc/jesd204_phy_INST/inst/jesd204_phy_block_i/jesd204_phy_0_gt_i/inst/gen_gtwizard_gthe4_top.jesd204_phy_0_gt_gtwizard_gthe4_inst/gen_gtwizard_gthe4.gen_cpll_cal_gthe4.gen_cpll_cal_inst[6].gen_inst_cpll_cal.gtwizard_ultrascale_v1_7_5_gthe4_cpll_cal_inst/gtwizard_ultrascale_v1_7_5_gthe4_cpll_cal_tx_i/bufg_gt_txoutclkmon_inst/O               | fmc121_top_adc/jesd204_phy_INST/inst/jesd204_phy_block_i/jesd204_phy_0_gt_i/inst/gen_gtwizard_gthe4_top.jesd204_phy_0_gt_gtwizard_gthe4_inst/gen_gtwizard_gthe4.gen_cpll_cal_gthe4.gen_cpll_cal_inst[6].gen_inst_cpll_cal.gtwizard_ultrascale_v1_7_5_gthe4_cpll_cal_inst/gtwizard_ultrascale_v1_7_5_gthe4_cpll_cal_tx_i/txoutclkmon               |             8.0 |
| fmc121_top_adc/jesd204_phy_INST/inst/jesd204_phy_block_i/jesd204_phy_0_gt_i/inst/gen_gtwizard_gthe4_top.jesd204_phy_0_gt_gtwizard_gthe4_inst/gen_gtwizard_gthe4.gen_cpll_cal_gthe4.gen_cpll_cal_inst[7].gen_inst_cpll_cal.gtwizard_ultrascale_v1_7_5_gthe4_cpll_cal_inst/gtwizard_ultrascale_v1_7_5_gthe4_cpll_cal_rx_i/gen_cal_rx_en.bufg_gt_rxoutclkmon_inst/O | fmc121_top_adc/jesd204_phy_INST/inst/jesd204_phy_block_i/jesd204_phy_0_gt_i/inst/gen_gtwizard_gthe4_top.jesd204_phy_0_gt_gtwizard_gthe4_inst/gen_gtwizard_gthe4.gen_cpll_cal_gthe4.gen_cpll_cal_inst[7].gen_inst_cpll_cal.gtwizard_ultrascale_v1_7_5_gthe4_cpll_cal_inst/gtwizard_ultrascale_v1_7_5_gthe4_cpll_cal_rx_i/gen_cal_rx_en.rxoutclkmon |             8.0 |
| fmc121_top_adc/jesd204_phy_INST/inst/jesd204_phy_block_i/jesd204_phy_0_gt_i/inst/gen_gtwizard_gthe4_top.jesd204_phy_0_gt_gtwizard_gthe4_inst/gen_gtwizard_gthe4.gen_cpll_cal_gthe4.gen_cpll_cal_inst[7].gen_inst_cpll_cal.gtwizard_ultrascale_v1_7_5_gthe4_cpll_cal_inst/gtwizard_ultrascale_v1_7_5_gthe4_cpll_cal_tx_i/bufg_gt_txoutclkmon_inst/O               | fmc121_top_adc/jesd204_phy_INST/inst/jesd204_phy_block_i/jesd204_phy_0_gt_i/inst/gen_gtwizard_gthe4_top.jesd204_phy_0_gt_gtwizard_gthe4_inst/gen_gtwizard_gthe4.gen_cpll_cal_gthe4.gen_cpll_cal_inst[7].gen_inst_cpll_cal.gtwizard_ultrascale_v1_7_5_gthe4_cpll_cal_inst/gtwizard_ultrascale_v1_7_5_gthe4_cpll_cal_tx_i/txoutclkmon               |             8.0 |
| jesd204_0_refclk                                                                                                                                                                                                                                                                                                                                                 | ADgtx_refclk_p                                                                                                                                                                                                                                                                                                                                    |             8.0 |
| jesd204_0_refclk                                                                                                                                                                                                                                                                                                                                                 | fmc121_top_adc/jesd204_ad_clk/refclk_2                                                                                                                                                                                                                                                                                                            |             8.0 |
| rxoutclk_out[0]                                                                                                                                                                                                                                                                                                                                                  | fmc121_top_adc/jesd204_phy_INST/inst/jesd204_phy_block_i/jesd204_phy_0_gt_i/inst/gen_gtwizard_gthe4_top.jesd204_phy_0_gt_gtwizard_gthe4_inst/gen_gtwizard_gthe4.gen_channel_container[1].gen_enabled_channel.gthe4_channel_wrapper_inst/channel_inst/rxoutclk_out[0]                                                                              |             8.0 |
| rxoutclk_out[0]_1                                                                                                                                                                                                                                                                                                                                                | fmc121_top_adc/jesd204_phy_INST/inst/jesd204_phy_block_i/jesd204_phy_0_gt_i/inst/gen_gtwizard_gthe4_top.jesd204_phy_0_gt_gtwizard_gthe4_inst/gen_gtwizard_gthe4.gen_channel_container[2].gen_enabled_channel.gthe4_channel_wrapper_inst/channel_inst/rxoutclk_out[0]                                                                              |             8.0 |
| rxoutclk_out[1]                                                                                                                                                                                                                                                                                                                                                  | fmc121_top_adc/jesd204_phy_INST/inst/jesd204_phy_block_i/jesd204_phy_0_gt_i/inst/gen_gtwizard_gthe4_top.jesd204_phy_0_gt_gtwizard_gthe4_inst/gen_gtwizard_gthe4.gen_channel_container[1].gen_enabled_channel.gthe4_channel_wrapper_inst/channel_inst/rxoutclk_out[1]                                                                              |             8.0 |
| rxoutclk_out[1]_1                                                                                                                                                                                                                                                                                                                                                | fmc121_top_adc/jesd204_phy_INST/inst/jesd204_phy_block_i/jesd204_phy_0_gt_i/inst/gen_gtwizard_gthe4_top.jesd204_phy_0_gt_gtwizard_gthe4_inst/gen_gtwizard_gthe4.gen_channel_container[2].gen_enabled_channel.gthe4_channel_wrapper_inst/channel_inst/rxoutclk_out[1]                                                                              |             8.0 |
| rxoutclk_out[2]                                                                                                                                                                                                                                                                                                                                                  | fmc121_top_adc/jesd204_phy_INST/inst/jesd204_phy_block_i/jesd204_phy_0_gt_i/inst/gen_gtwizard_gthe4_top.jesd204_phy_0_gt_gtwizard_gthe4_inst/gen_gtwizard_gthe4.gen_channel_container[1].gen_enabled_channel.gthe4_channel_wrapper_inst/channel_inst/rxoutclk_out[2]                                                                              |             8.0 |
| rxoutclk_out[2]_1                                                                                                                                                                                                                                                                                                                                                | fmc121_top_adc/jesd204_phy_INST/inst/jesd204_phy_block_i/jesd204_phy_0_gt_i/inst/gen_gtwizard_gthe4_top.jesd204_phy_0_gt_gtwizard_gthe4_inst/gen_gtwizard_gthe4.gen_channel_container[2].gen_enabled_channel.gthe4_channel_wrapper_inst/channel_inst/rxoutclk_out[2]                                                                              |             8.0 |
| rxoutclk_out[3]                                                                                                                                                                                                                                                                                                                                                  | fmc121_top_adc/jesd204_phy_INST/inst/jesd204_phy_block_i/jesd204_phy_0_gt_i/inst/gen_gtwizard_gthe4_top.jesd204_phy_0_gt_gtwizard_gthe4_inst/gen_gtwizard_gthe4.gen_channel_container[1].gen_enabled_channel.gthe4_channel_wrapper_inst/channel_inst/rxoutclk_out[3]                                                                              |             8.0 |
| rxoutclk_out[3]_1                                                                                                                                                                                                                                                                                                                                                | fmc121_top_adc/jesd204_phy_INST/inst/jesd204_phy_block_i/jesd204_phy_0_gt_i/inst/gen_gtwizard_gthe4_top.jesd204_phy_0_gt_gtwizard_gthe4_inst/gen_gtwizard_gthe4.gen_channel_container[2].gen_enabled_channel.gthe4_channel_wrapper_inst/channel_inst/rxoutclk_out[3]                                                                              |             8.0 |
| txoutclk_out[0]                                                                                                                                                                                                                                                                                                                                                  | fmc121_top_adc/jesd204_phy_INST/inst/jesd204_phy_block_i/jesd204_phy_0_gt_i/inst/gen_gtwizard_gthe4_top.jesd204_phy_0_gt_gtwizard_gthe4_inst/gen_gtwizard_gthe4.gen_channel_container[1].gen_enabled_channel.gthe4_channel_wrapper_inst/channel_inst/txoutclk_out[0]                                                                              |            16.0 |
| txoutclk_out[0]_1                                                                                                                                                                                                                                                                                                                                                | fmc121_top_adc/jesd204_phy_INST/inst/jesd204_phy_block_i/jesd204_phy_0_gt_i/inst/gen_gtwizard_gthe4_top.jesd204_phy_0_gt_gtwizard_gthe4_inst/gen_gtwizard_gthe4.gen_channel_container[2].gen_enabled_channel.gthe4_channel_wrapper_inst/channel_inst/txoutclk_out[0]                                                                              |            16.0 |
| txoutclk_out[1]                                                                                                                                                                                                                                                                                                                                                  | fmc121_top_adc/jesd204_phy_INST/inst/jesd204_phy_block_i/jesd204_phy_0_gt_i/inst/gen_gtwizard_gthe4_top.jesd204_phy_0_gt_gtwizard_gthe4_inst/gen_gtwizard_gthe4.gen_channel_container[1].gen_enabled_channel.gthe4_channel_wrapper_inst/channel_inst/txoutclk_out[1]                                                                              |            16.0 |
| txoutclk_out[1]_1                                                                                                                                                                                                                                                                                                                                                | fmc121_top_adc/jesd204_phy_INST/inst/jesd204_phy_block_i/jesd204_phy_0_gt_i/inst/gen_gtwizard_gthe4_top.jesd204_phy_0_gt_gtwizard_gthe4_inst/gen_gtwizard_gthe4.gen_channel_container[2].gen_enabled_channel.gthe4_channel_wrapper_inst/channel_inst/txoutclk_out[1]                                                                              |            16.0 |
| txoutclk_out[2]                                                                                                                                                                                                                                                                                                                                                  | fmc121_top_adc/jesd204_phy_INST/inst/jesd204_phy_block_i/jesd204_phy_0_gt_i/inst/gen_gtwizard_gthe4_top.jesd204_phy_0_gt_gtwizard_gthe4_inst/gen_gtwizard_gthe4.gen_channel_container[1].gen_enabled_channel.gthe4_channel_wrapper_inst/channel_inst/txoutclk_out[2]                                                                              |            16.0 |
| txoutclk_out[2]_1                                                                                                                                                                                                                                                                                                                                                | fmc121_top_adc/jesd204_phy_INST/inst/jesd204_phy_block_i/jesd204_phy_0_gt_i/inst/gen_gtwizard_gthe4_top.jesd204_phy_0_gt_gtwizard_gthe4_inst/gen_gtwizard_gthe4.gen_channel_container[2].gen_enabled_channel.gthe4_channel_wrapper_inst/channel_inst/txoutclk_out[2]                                                                              |            16.0 |
| txoutclk_out[3]                                                                                                                                                                                                                                                                                                                                                  | fmc121_top_adc/jesd204_phy_INST/inst/jesd204_phy_block_i/jesd204_phy_0_gt_i/inst/gen_gtwizard_gthe4_top.jesd204_phy_0_gt_gtwizard_gthe4_inst/gen_gtwizard_gthe4.gen_channel_container[1].gen_enabled_channel.gthe4_channel_wrapper_inst/channel_inst/txoutclk_out[3]                                                                              |            16.0 |
| txoutclk_out[3]_1                                                                                                                                                                                                                                                                                                                                                | fmc121_top_adc/jesd204_phy_INST/inst/jesd204_phy_block_i/jesd204_phy_0_gt_i/inst/gen_gtwizard_gthe4_top.jesd204_phy_0_gt_gtwizard_gthe4_inst/gen_gtwizard_gthe4.gen_channel_container[2].gen_enabled_channel.gthe4_channel_wrapper_inst/channel_inst/txoutclk_out[3]                                                                              |            16.0 |
+------------------------------------------------------------------------------------------------------------------------------------------------------------------------------------------------------------------------------------------------------------------------------------------------------------------------------------------------------------------+---------------------------------------------------------------------------------------------------------------------------------------------------------------------------------------------------------------------------------------------------------------------------------------------------------------------------------------------------+-----------------+


3. Detailed Reports
-------------------

3.1 By Hierarchy
----------------

+--------------------------+-----------+
| Name                     | Power (W) |
+--------------------------+-----------+
| test_top                 |     1.592 |
|   IBUFDS_inst            |     0.002 |
|   dbg_hub                |     0.002 |
|     inst                 |     0.002 |
|       BSCANID.u_xsdbm_id |     0.002 |
|   fmc121_top_adc         |     1.370 |
|     IBUFDS_inst3         |     0.002 |
|     jesd204              |     0.019 |
|       inst               |     0.019 |
|     jesd204_ad_clk       |     0.076 |
|       DCMINST            |     0.070 |
|     jesd204_phy_INST     |     1.260 |
|       inst               |     1.260 |
|   pulse_data_u           |     0.122 |
|     u_FIR_filter         |     0.031 |
|       u0_FIR_LP_100M     |     0.008 |
|       u1_FIR_LP_100M     |     0.008 |
|       u2_FIR_LP_100M     |     0.008 |
|       u3_FIR_LP_100M     |     0.008 |
|     u_RAM_RW             |     0.001 |
|     u_blk_mem_gen_0      |     0.040 |
|       U0                 |     0.040 |
|     u_data_send          |     0.002 |
|     u_fifo_generator_0   |     0.020 |
|       U0                 |     0.020 |
|     u_pulse_sum          |     0.004 |
|       u_pulse_parameter  |     0.002 |
|     u_pulse_sum_ila      |     0.021 |
|       inst               |     0.021 |
|   sysclk_inst            |     0.089 |
|     inst                 |     0.089 |
|   vio_0_inst             |     0.001 |
|     inst                 |     0.001 |
+--------------------------+-----------+


